\BOOKMARK [1][-]{section.1}{\376\377\000S\000i\000g\000n\000i\000f\000i\000c\000a\000n\000c\000e\000\040\000o\000f\000\040\000t\000h\000e\000\040\000P\000r\000o\000b\000l\000e\000m}{}% 1
\BOOKMARK [1][-]{section.2}{\376\377\000M\000a\000r\000k\000e\000t\000\040\000A\000n\000a\000l\000y\000s\000i\000s}{}% 2
\BOOKMARK [1][-]{section.3}{\376\377\000L\000i\000t\000e\000r\000a\000t\000u\000r\000e\000\040\000R\000e\000v\000i\000e\000w}{}% 3
\BOOKMARK [1][-]{section.4}{\376\377\000C\000h\000a\000l\000l\000e\000n\000g\000e\000s\000\040\000\046\000\040\000M\000i\000t\000i\000g\000a\000t\000i\000o\000n}{}% 4
\BOOKMARK [1][-]{section.5}{\376\377\000P\000r\000o\000p\000o\000s\000e\000d\000\040\000S\000y\000s\000t\000e\000m\000\040\000O\000v\000e\000r\000v\000i\000e\000w}{}% 5
\BOOKMARK [1][-]{section.6}{\376\377\000M\000a\000c\000h\000i\000n\000e\000\040\000L\000e\000a\000r\000n\000i\000n\000g\000\040\000P\000i\000p\000e\000l\000i\000n\000e}{}% 6
\BOOKMARK [2][-]{subsection.6.1}{\376\377\000M\000o\000d\000u\000l\000e\000\040\0001\000:\000\040\000S\000p\000a\000t\000i\000a\000l\000\040\000E\000x\000t\000r\000a\000c\000t\000i\000o\000n\000\040\000\046\000\040\000G\000a\000t\000e\000k\000e\000e\000p\000i\000n\000g}{section.6}% 7
\BOOKMARK [2][-]{subsection.6.2}{\376\377\000M\000o\000d\000u\000l\000e\000\040\0002\000:\000\040\000D\000e\000c\000o\000u\000p\000l\000e\000d\000\040\000A\000s\000y\000n\000c\000h\000r\000o\000n\000o\000u\000s\000\040\000B\000u\000f\000f\000e\000r\000s}{section.6}% 8
\BOOKMARK [2][-]{subsection.6.3}{\376\377\000M\000o\000d\000u\000l\000e\000\040\0003\000:\000\040\000S\000t\000a\000g\000e\000\040\0001\000\040\040\024\000\040\000A\000c\000t\000i\000o\000n\000\040\000C\000l\000a\000s\000s\000i\000f\000i\000c\000a\000t\000i\000o\000n}{section.6}% 9
\BOOKMARK [2][-]{subsection.6.4}{\376\377\000M\000o\000d\000u\000l\000e\000\040\0004\000:\000\040\000S\000t\000a\000g\000e\000\040\0002\000\040\040\024\000\040\000K\000i\000n\000e\000m\000a\000t\000i\000c\000\040\000Q\000u\000a\000l\000i\000t\000y\000\040\000S\000c\000o\000r\000i\000n\000g}{section.6}% 10
\BOOKMARK [1][-]{section.7}{\376\377\000D\000a\000t\000a\000s\000e\000t\000\040\000\046\000\040\000S\000t\000r\000a\000t\000e\000g\000y}{}% 11
\BOOKMARK [2][-]{subsection.7.1}{\376\377\000P\000e\000n\000n\000\040\000A\000c\000t\000i\000o\000n\000\040\000D\000a\000t\000a\000\040\000S\000t\000r\000u\000c\000t\000u\000r\000e}{section.7}% 12
\BOOKMARK [2][-]{subsection.7.2}{\376\377\000P\000r\000e\000p\000r\000o\000c\000e\000s\000s\000i\000n\000g\000:\000\040\000F\000r\000o\000m\000\040\000R\000a\000w\000\040\000A\000n\000n\000o\000t\000a\000t\000i\000o\000n\000s\000\040\000t\000o\000\040\000C\000l\000e\000a\000n\000\040\000K\000i\000n\000e\000m\000a\000t\000i\000c\000s}{section.7}% 13
\BOOKMARK [3][-]{subsubsection.7.2.1}{\376\377\000V\000i\000s\000i\000b\000i\000l\000i\000t\000y\000-\000A\000w\000a\000r\000e\000\040\000L\000o\000a\000d\000i\000n\000g}{subsection.7.2}% 14
\BOOKMARK [3][-]{subsubsection.7.2.2}{\376\377\000M\000i\000r\000r\000o\000r\000\040\000S\000y\000m\000m\000e\000t\000r\000y\000\040\000C\000o\000r\000r\000e\000c\000t\000i\000o\000n}{subsection.7.2}% 15
\BOOKMARK [3][-]{subsubsection.7.2.3}{\376\377\000A\000n\000c\000h\000o\000r\000-\000B\000a\000s\000e\000d\000\040\000R\000e\000l\000a\000t\000i\000v\000e\000\040\000I\000n\000t\000e\000r\000p\000o\000l\000a\000t\000i\000o\000n}{subsection.7.2}% 16
\BOOKMARK [3][-]{subsubsection.7.2.4}{\376\377\000A\000u\000t\000o\000m\000a\000t\000i\000c\000\040\000V\000i\000e\000w\000p\000o\000i\000n\000t\000\040\000D\000e\000t\000e\000c\000t\000i\000o\000n}{subsection.7.2}% 17
\BOOKMARK [2][-]{subsection.7.3}{\376\377\000F\000e\000a\000t\000u\000r\000e\000\040\000E\000x\000t\000r\000a\000c\000t\000i\000o\000n\000:\000\040\000K\000i\000n\000e\000m\000a\000t\000i\000c\000\040\000A\000n\000g\000l\000e\000s\000\040\000a\000n\000d\000\040\000M\000o\000v\000e\000m\000e\000n\000t\000\040\000S\000t\000a\000t\000i\000s\000t\000i\000c\000s}{section.7}% 18
\BOOKMARK [3][-]{subsubsection.7.3.1}{\376\377\000B\000a\000s\000e\000l\000i\000n\000e\000\040\000F\000r\000a\000m\000e\000\040\000S\000e\000l\000e\000c\000t\000i\000o\000n}{subsection.7.3}% 19
\BOOKMARK [3][-]{subsubsection.7.3.2}{\376\377\000D\000u\000a\000l\000-\000M\000e\000t\000h\000o\000d\000\040\000A\000n\000g\000l\000e\000\040\000C\000o\000m\000p\000u\000t\000a\000t\000i\000o\000n}{subsection.7.3}% 20
\BOOKMARK [3][-]{subsubsection.7.3.3}{\376\377\000S\000e\000q\000u\000e\000n\000c\000e\000-\000L\000e\000v\000e\000l\000\040\000S\000u\000m\000m\000a\000r\000i\000z\000a\000t\000i\000o\000n}{subsection.7.3}% 21
\BOOKMARK [2][-]{subsection.7.4}{\376\377\000D\000i\000m\000e\000n\000s\000i\000o\000n\000a\000l\000i\000t\000y\000\040\000R\000e\000d\000u\000c\000t\000i\000o\000n}{section.7}% 22
\BOOKMARK [2][-]{subsection.7.5}{\376\377\000C\000l\000a\000s\000s\000i\000f\000i\000c\000a\000t\000i\000o\000n\000\040\000R\000e\000s\000u\000l\000t\000s}{section.7}% 23
\BOOKMARK [1][-]{section.8}{\376\377\000F\000o\000r\000m\000\040\000E\000v\000a\000l\000u\000a\000t\000i\000o\000n\000\040\000R\000e\000s\000u\000l\000t\000s}{}% 24
\BOOKMARK [2][-]{subsection.8.1}{\376\377\000Q\000u\000a\000l\000i\000t\000y\000\040\000S\000c\000o\000r\000e\000\040\000D\000i\000s\000t\000r\000i\000b\000u\000t\000i\000o\000n}{section.8}% 25
\BOOKMARK [2][-]{subsection.8.2}{\376\377\000R\000e\000a\000l\000-\000T\000i\000m\000e\000\040\000E\000v\000a\000l\000u\000a\000t\000i\000o\000n\000\040\000M\000e\000t\000r\000i\000c\000s}{section.8}% 26
